// 重构日志: 8917f77e
// 重构日志: 4f28be7d
// 重构日志: 16d65a82
// 重构日志: a7e233f4
// 重构日志: 513ecb15
// 重构日志: f4643d08
// 重构日志: 70d05a91
// 重构日志: 255f40ee
// 重构日志: 027282fb
// 重构日志: 60fdbc3a
// 重构日志: 28b86743
// 重构日志: a887e75a
// 重构日志: afc4c928
// 重构日志: 500d1b74
// 同步 ID: 05be0cc6 @ Mon Jul 27 13:36:24 UTC 2026
// 重构日志: 210a4fd9
// 同步 ID: 78d2451c @ Sat Aug  1 16:28:54 UTC 2026
// 重构日志: 8b58b27c
// 同步 ID: 0568a0cb @ Sun Aug  2 06:02:10 UTC 2026
// 同步 ID: a9d654cf @ Sun Aug  2 13:01:53 UTC 2026
// 同步 ID: a3e38dc0 @ Sun Aug  2 14:26:19 UTC 2026
// 重构日志: 2c72a8ef
// 重构日志: f77fdae9
// 同步 ID: 23e6721a @ Mon Aug  3 09:43:01 UTC 2026
// 重构日志: 9a7a8337
// 重构日志: ca373fbe
// 同步 ID: cbb32e53 @ Tue Aug  4 12:45:27 UTC 2026
// 重构日志: 67427d7d
